.clearFix {
  display: block;
  zoom: 1; }

.navigation ul {
  line-height: 20px;
  color: blue; }
  .navigation ul a {
    color: red; }

.footer .copyright {
  color: silver; }
